1. Вывести на экран 3 раза имя пользователя, от которого запускается команда.
tim@linux:~$ nano task1
	#!/bin/bash
	for char in {1..3}
 	 do
 	 echo $USER
 	 done
tim@linux:~$ bash task1 
tim
tim
tim
2.Вывести с помощью цикла while все четные числа от 0 до 100 включительно.
tim@linux:~$ nano printeven100 
	#! bin/bash/
	x=0
	while [ $x -lt 101 ]
	do
 	 printf "${x} "
 	 let x+=2
	done
	echo ""
3.* Командой 'cut' вывести для текущей папки права доступа файлов (первая колонка вывода команды ‘ll’). Отсортировать этот вывод (команда ‘sort’). Удалить дубликаты (команда ‘uniq’). Использовать для решения конвейер обработки задач (pipeline - вертикальный слэш).
tim@linux:~$ ll | cut -b 1-10 | sort | uniq
drwx------
drwxrwxr-x
drwxr-x---
drwxr-xr-x
-rw-------
-rw-r-----
-rw-r--r--
-rw-rw-r--
итого
4.* Написать скрипт очистки директорий. На вход принимает путь к директории. Если директория существует, то удаляет в ней все файлы с расширениями .bak, .tmp, .backup. Если директории нет, то выводит ошибку.
tim@linux:~/links$ nano cleardir
	#! /bin/bash
	if [ -d "$1" ]; then
  	 find . -name '*.bak' -delete
  	 find . -name '*.tmp' -delete
  	 find . -name '*.backup' -delete
	else
  	 echo "Error - " $1 " doesn't exist."
	fi


